PUTVAL exec-tests.example.org/zpool-test/count-scrub-repaired interval=300 999999:U
PUTVAL exec-tests.example.org/zpool-test/duration-scrub interval=300 999999:U
PUTVAL exec-tests.example.org/zpool-test/count-scrub-errors interval=300 999999:U
PUTVAL exec-tests.example.org/zpool-test/count-read-errors.test interval=300 999999:1
PUTVAL exec-tests.example.org/zpool-test/count-write-errors.test interval=300 999999:2
PUTVAL exec-tests.example.org/zpool-test/count-cksum-errors.test interval=300 999999:3
PUTVAL exec-tests.example.org/zpool-test/count-read-errors.mirror-0 interval=300 999999:4
PUTVAL exec-tests.example.org/zpool-test/count-write-errors.mirror-0 interval=300 999999:5
PUTVAL exec-tests.example.org/zpool-test/count-cksum-errors.mirror-0 interval=300 999999:6
PUTVAL exec-tests.example.org/zpool-test/count-read-errors.root.1 interval=300 999999:7
PUTVAL exec-tests.example.org/zpool-test/count-write-errors.root.1 interval=300 999999:8
PUTVAL exec-tests.example.org/zpool-test/count-cksum-errors.root.1 interval=300 999999:9
PUTVAL exec-tests.example.org/zpool-test/count-read-errors.root.2 interval=300 999999:10
PUTVAL exec-tests.example.org/zpool-test/count-write-errors.root.2 interval=300 999999:11
PUTVAL exec-tests.example.org/zpool-test/count-cksum-errors.root.2 interval=300 999999:12
PUTVAL exec-tests.example.org/zpool-test/count-read-errors.mirror-1 interval=300 999999:13
PUTVAL exec-tests.example.org/zpool-test/count-write-errors.mirror-1 interval=300 999999:14
PUTVAL exec-tests.example.org/zpool-test/count-cksum-errors.mirror-1 interval=300 999999:15
PUTVAL exec-tests.example.org/zpool-test/count-read-errors.root.3 interval=300 999999:16
PUTVAL exec-tests.example.org/zpool-test/count-write-errors.root.3 interval=300 999999:17
PUTVAL exec-tests.example.org/zpool-test/count-cksum-errors.root.3 interval=300 999999:18
PUTVAL exec-tests.example.org/zpool-test/count-read-errors.root.4 interval=300 999999:19
PUTVAL exec-tests.example.org/zpool-test/count-write-errors.root.4 interval=300 999999:20
PUTVAL exec-tests.example.org/zpool-test/count-cksum-errors.root.4 interval=300 999999:21
PUTVAL exec-tests.example.org/zpool-test/count-degraded-state interval=300 999999:0
PUTVAL exec-tests.example.org/zpool-test/count-faulted-state interval=300 999999:0
PUTVAL exec-tests.example.org/zpool-test/count-offline-state interval=300 999999:0
PUTVAL exec-tests.example.org/zpool-test/count-online-state interval=300 999999:7
PUTVAL exec-tests.example.org/zpool-test/count-unavail-state interval=300 999999:0
